// Jest Snapshot v1, https://goo.gl/fbAQLP

exports[`Pruebas en <ToDoRoutes/> Debe de hacer match con el Snapshot 1`] = `
<div>
  <div
    class="body"
    data-theme="light"
  >
    <input
      class="mode"
      id="mode"
      name="modeStyle"
      type="checkbox"
    />
    <label
      class="modeDark"
      for="mode"
    />
    <label
      class="modeLight"
      for="mode"
    />
    <div
      class="ToDoRoutes"
    >
      <nav>
        <a
          aria-current="page"
          class="active"
          href="/ToDoApp/day"
        >
          Day
        </a>
        <a
          class=""
          href="/ToDoApp/week"
        >
          Week
        </a>
        <a
          class=""
          href="/ToDoApp/month"
        >
          Month
        </a>
        <a
          class=""
          href="/ToDoApp/year"
        >
          Year
        </a>
      </nav>
      <div
        class="ToDoContentListAdd"
      >
        <form>
          <input
            autocomplete="off"
            class=" toDoAdd__input"
            name="description"
            placeholder="Add your next task..."
            type="text"
            value=""
          />
          <button
            class="toDoAdd__button"
            type="submit"
          >
            Add
          </button>
        </form>
        <div
          class="toDoContentListAdd__div"
        >
          <ul
            class="toDoList"
          />
        </div>
      </div>
    </div>
  </div>
</div>
`;
