// Jest Snapshot v1, https://goo.gl/fbAQLP

exports[`Pruebas en <ToDoDate/> Debe de hacer match con el Snapshot 1`] = `<div />`;
