// Jest Snapshot v1, https://goo.gl/fbAQLP

exports[`Pruebas en <ToDoAdd/> Debe de hacer math con el Snapshot 1`] = `
<div>
  <form>
    <input
      autocomplete="off"
      class=" toDoAdd__input"
      name="description"
      placeholder="Add your next task..."
      type="text"
      value=""
    />
    <button
      class="toDoAdd__button"
      type="submit"
    >
      Add
    </button>
  </form>
</div>
`;
